Archive member included to satisfy reference by file (symbol)

D:/ST/STM32CubeIDE_1.13.0/STM32CubeIDE/plugins/com.st.stm32cube.ide.mcu.externaltools.gnu-tools-for-stm32.11.3.rel1.win32_1.1.0.202305231506/tools/bin/../lib/gcc/arm-none-eabi/11.3.1/../../../../arm-none-eabi/lib/thumb/v7e-m+fp/hard\libc_nano.a(libc_a-exit.o)
                              D:/ST/STM32CubeIDE_1.13.0/STM32CubeIDE/plugins/com.st.stm32cube.ide.mcu.externaltools.gnu-tools-for-stm32.11.3.rel1.win32_1.1.0.202305231506/tools/bin/../lib/gcc/arm-none-eabi/11.3.1/../../../../arm-none-eabi/lib/thumb/v7e-m+fp/hard/crt0.o (exit)
D:/ST/STM32CubeIDE_1.13.0/STM32CubeIDE/plugins/com.st.stm32cube.ide.mcu.externaltools.gnu-tools-for-stm32.11.3.rel1.win32_1.1.0.202305231506/tools/bin/../lib/gcc/arm-none-eabi/11.3.1/../../../../arm-none-eabi/lib/thumb/v7e-m+fp/hard\libc_nano.a(libc_a-findfp.o)
                              D:/ST/STM32CubeIDE_1.13.0/STM32CubeIDE/plugins/com.st.stm32cube.ide.mcu.externaltools.gnu-tools-for-stm32.11.3.rel1.win32_1.1.0.202305231506/tools/bin/../lib/gcc/arm-none-eabi/11.3.1/../../../../arm-none-eabi/lib/thumb/v7e-m+fp/hard\libc_nano.a(libc_a-exit.o) (__stdio_exit_handler)
D:/ST/STM32CubeIDE_1.13.0/STM32CubeIDE/plugins/com.st.stm32cube.ide.mcu.externaltools.gnu-tools-for-stm32.11.3.rel1.win32_1.1.0.202305231506/tools/bin/../lib/gcc/arm-none-eabi/11.3.1/../../../../arm-none-eabi/lib/thumb/v7e-m+fp/hard\libc_nano.a(libc_a-fwalk.o)
                              D:/ST/STM32CubeIDE_1.13.0/STM32CubeIDE/plugins/com.st.stm32cube.ide.mcu.externaltools.gnu-tools-for-stm32.11.3.rel1.win32_1.1.0.202305231506/tools/bin/../lib/gcc/arm-none-eabi/11.3.1/../../../../arm-none-eabi/lib/thumb/v7e-m+fp/hard\libc_nano.a(libc_a-findfp.o) (_fwalk_sglue)
D:/ST/STM32CubeIDE_1.13.0/STM32CubeIDE/plugins/com.st.stm32cube.ide.mcu.externaltools.gnu-tools-for-stm32.11.3.rel1.win32_1.1.0.202305231506/tools/bin/../lib/gcc/arm-none-eabi/11.3.1/../../../../arm-none-eabi/lib/thumb/v7e-m+fp/hard\libc_nano.a(libc_a-stdio.o)
                              D:/ST/STM32CubeIDE_1.13.0/STM32CubeIDE/plugins/com.st.stm32cube.ide.mcu.externaltools.gnu-tools-for-stm32.11.3.rel1.win32_1.1.0.202305231506/tools/bin/../lib/gcc/arm-none-eabi/11.3.1/../../../../arm-none-eabi/lib/thumb/v7e-m+fp/hard\libc_nano.a(libc_a-findfp.o) (__sread)
D:/ST/STM32CubeIDE_1.13.0/STM32CubeIDE/plugins/com.st.stm32cube.ide.mcu.externaltools.gnu-tools-for-stm32.11.3.rel1.win32_1.1.0.202305231506/tools/bin/../lib/gcc/arm-none-eabi/11.3.1/../../../../arm-none-eabi/lib/thumb/v7e-m+fp/hard\libc_nano.a(libc_a-memset.o)
                              D:/ST/STM32CubeIDE_1.13.0/STM32CubeIDE/plugins/com.st.stm32cube.ide.mcu.externaltools.gnu-tools-for-stm32.11.3.rel1.win32_1.1.0.202305231506/tools/bin/../lib/gcc/arm-none-eabi/11.3.1/../../../../arm-none-eabi/lib/thumb/v7e-m+fp/hard/crt0.o (memset)
D:/ST/STM32CubeIDE_1.13.0/STM32CubeIDE/plugins/com.st.stm32cube.ide.mcu.externaltools.gnu-tools-for-stm32.11.3.rel1.win32_1.1.0.202305231506/tools/bin/../lib/gcc/arm-none-eabi/11.3.1/../../../../arm-none-eabi/lib/thumb/v7e-m+fp/hard\libc_nano.a(libc_a-closer.o)
                              D:/ST/STM32CubeIDE_1.13.0/STM32CubeIDE/plugins/com.st.stm32cube.ide.mcu.externaltools.gnu-tools-for-stm32.11.3.rel1.win32_1.1.0.202305231506/tools/bin/../lib/gcc/arm-none-eabi/11.3.1/../../../../arm-none-eabi/lib/thumb/v7e-m+fp/hard\libc_nano.a(libc_a-stdio.o) (_close_r)
D:/ST/STM32CubeIDE_1.13.0/STM32CubeIDE/plugins/com.st.stm32cube.ide.mcu.externaltools.gnu-tools-for-stm32.11.3.rel1.win32_1.1.0.202305231506/tools/bin/../lib/gcc/arm-none-eabi/11.3.1/../../../../arm-none-eabi/lib/thumb/v7e-m+fp/hard\libc_nano.a(libc_a-reent.o)
                              D:/ST/STM32CubeIDE_1.13.0/STM32CubeIDE/plugins/com.st.stm32cube.ide.mcu.externaltools.gnu-tools-for-stm32.11.3.rel1.win32_1.1.0.202305231506/tools/bin/../lib/gcc/arm-none-eabi/11.3.1/../../../../arm-none-eabi/lib/thumb/v7e-m+fp/hard\libc_nano.a(libc_a-closer.o) (errno)
D:/ST/STM32CubeIDE_1.13.0/STM32CubeIDE/plugins/com.st.stm32cube.ide.mcu.externaltools.gnu-tools-for-stm32.11.3.rel1.win32_1.1.0.202305231506/tools/bin/../lib/gcc/arm-none-eabi/11.3.1/../../../../arm-none-eabi/lib/thumb/v7e-m+fp/hard\libc_nano.a(libc_a-impure.o)
                              D:/ST/STM32CubeIDE_1.13.0/STM32CubeIDE/plugins/com.st.stm32cube.ide.mcu.externaltools.gnu-tools-for-stm32.11.3.rel1.win32_1.1.0.202305231506/tools/bin/../lib/gcc/arm-none-eabi/11.3.1/../../../../arm-none-eabi/lib/thumb/v7e-m+fp/hard\libc_nano.a(libc_a-reent.o) (_impure_ptr)
D:/ST/STM32CubeIDE_1.13.0/STM32CubeIDE/plugins/com.st.stm32cube.ide.mcu.externaltools.gnu-tools-for-stm32.11.3.rel1.win32_1.1.0.202305231506/tools/bin/../lib/gcc/arm-none-eabi/11.3.1/../../../../arm-none-eabi/lib/thumb/v7e-m+fp/hard\libc_nano.a(libc_a-lseekr.o)
[...]
Memory Configuration

Name             Origin             Length             Attributes
RAM              0x0000000020000000 0x0000000000020000 xrw
FLASH            0x0000000008000000 0x0000000000080000 xr
*default*        0x0000000000000000 0xffffffffffffffff

Linker script and memory map

LOAD D:/ST/STM32CubeIDE_1.13.0/STM32CubeIDE/plugins/com.st.stm32cube.ide.mcu.externaltools.gnu-tools-for-stm32.11.3.rel1.win32_1.1.0.202305231506/tools/bin/../lib/gcc/arm-none-eabi/11.3.1/thumb/v7e-m+fp/hard/crti.o
LOAD D:/ST/STM32CubeIDE_1.13.0/STM32CubeIDE/plugins/com.st.stm32cube.ide.mcu.externaltools.gnu-tools-for-stm32.11.3.rel1.win32_1.1.0.202305231506/tools/bin/../lib/gcc/arm-none-eabi/11.3.1/thumb/v7e-m+fp/hard/crtbegin.o
LOAD D:/ST/STM32CubeIDE_1.13.0/STM32CubeIDE/plugins/com.st.stm32cube.ide.mcu.externaltools.gnu-tools-for-stm32.11.3.rel1.win32_1.1.0.202305231506/tools/bin/../lib/gcc/arm-none-eabi/11.3.1/../../../../arm-none-eabi/lib/thumb/v7e-m+fp/hard/crt0.o
LOAD ./Core/Src/fonts.o
LOAD ./Core/Src/main.o
LOAD ./Core/Src/st7789.o
LOAD ./Core/Src/stm32f4xx_hal_msp.o
LOAD ./Core/Src/stm32f4xx_it.o
LOAD ./Core/Src/syscalls.o
LOAD ./Core/Src/sysmem.o
LOAD ./Core/Src/system_stm32f4xx.o
LOAD ./Core/Startup/startup_stm32f411vetx.o
LOAD ./Drivers/STM32F4xx_HAL_Driver/Src/stm32f4xx_hal.o
LOAD ./Drivers/STM32F4xx_HAL_Driver/Src/stm32f4xx_hal_cortex.o
LOAD ./Drivers/STM32F4xx_HAL_Driver/Src/stm32f4xx_hal_dma.o
LOAD ./Drivers/STM32F4xx_HAL_Driver/Src/stm32f4xx_hal_dma_ex.o
LOAD ./Drivers/STM32F4xx_HAL_Driver/Src/stm32f4xx_hal_exti.o
LOAD ./Drivers/STM32F4xx_HAL_Driver/Src/stm32f4xx_hal_flash.o
LOAD ./Drivers/STM32F4xx_HAL_Driver/Src/stm32f4xx_hal_flash_ex.o
LOAD ./Drivers/STM32F4xx_HAL_Driver/Src/stm32f4xx_hal_flash_ramfunc.o
LOAD ./Drivers/STM32F4xx_HAL_Driver/Src/stm32f4xx_hal_gpio.o
LOAD ./Drivers/STM32F4xx_HAL_Driver/Src/stm32f4xx_hal_pwr.o
LOAD ./Drivers/STM32F4xx_HAL_Driver/Src/stm32f4xx_hal_pwr_ex.o
LOAD ./Drivers/STM32F4xx_HAL_Driver/Src/stm32f4xx_hal_rcc.o
LOAD ./Drivers/STM32F4xx_HAL_Driver/Src/stm32f4xx_hal_rcc_ex.o
LOAD ./Drivers/STM32F4xx_HAL_Driver/Src/stm32f4xx_hal_spi.o
START GROUP
LOAD D:/ST/STM32CubeIDE_1.13.0/STM32CubeIDE/plugins/com.st.stm32cube.ide.mcu.externaltools.gnu-tools-for-stm32.11.3.rel1.win32_1.1.0.202305231506/tools/bin/../lib/gcc/arm-none-eabi/11.3.1/../../../../arm-none-eabi/lib/thumb/v7e-m+fp/hard\libc_nano.a
LOAD D:/ST/STM32CubeIDE_1.13.0/STM32CubeIDE/plugins/com.st.stm32cube.ide.mcu.externaltools.gnu-tools-for-stm32.11.3.rel1.win32_1.1.0.202305231506/tools/bin/../lib/gcc/arm-none-eabi/11.3.1/../../../../arm-none-eabi/lib/thumb/v7e-m+fp/hard\libm.a
END GROUP
START GROUP
LOAD D:/ST/STM32CubeIDE_1.13.0/STM32CubeIDE/plugins/com.st.stm32cube.ide.mcu.externaltools.gnu-tools-for-stm32.11.3.rel1.win32_1.1.0.202305231506/tools/bin/../lib/gcc/arm-none-eabi/11.3.1/thumb/v7e-m+fp/hard\libgcc.a
LOAD D:/ST/STM32CubeIDE_1.13.0/STM32CubeIDE/plugins/com.st.stm32cube.ide.mcu.externaltools.gnu-tools-for-stm32.11.3.rel1.win32_1.1.0.202305231506/tools/bin/../lib/gcc/arm-none-eabi/11.3.1/../../../../arm-none-eabi/lib/thumb/v7e-m+fp/hard\libc_nano.a
END GROUP
START GROUP
LOAD D:/ST/STM32CubeIDE_1.13.0/STM32CubeIDE/plugins/com.st.stm32cube.ide.mcu.externaltools.gnu-tools-for-stm32.11.3.rel1.win32_1.1.0.202305231506/tools/bin/../lib/gcc/arm-none-eabi/11.3.1/thumb/v7e-m+fp/hard\libgcc.a
LOAD D:/ST/STM32CubeIDE_1.13.0/STM32CubeIDE/plugins/com.st.stm32cube.ide.mcu.externaltools.gnu-tools-for-stm32.11.3.rel1.win32_1.1.0.202305231506/tools/bin/../lib/gcc/arm-none-eabi/11.3.1/../../../../arm-none-eabi/lib/thumb/v7e-m+fp/hard\libc_nano.a
LOAD D:/ST/STM32CubeIDE_1.13.0/STM32CubeIDE/plugins/com.st.stm32cube.ide.mcu.externaltools.gnu-tools-for-stm32.11.3.rel1.win32_1.1.0.202305231506/tools/bin/../lib/gcc/arm-none-eabi/11.3.1/../../../../arm-none-eabi/lib/thumb/v7e-m+fp/hard\libnosys.a
END GROUP
START GROUP
LOAD D:/ST/STM32CubeIDE_1.13.0/STM32CubeIDE/plugins/com.st.stm32cube.ide.mcu.externaltools.gnu-tools-for-stm32.11.3.rel1.win32_1.1.0.202305231506/tools/bin/../lib/gcc/arm-none-eabi/11.3.1/thumb/v7e-m+fp/hard\libgcc.a
LOAD D:/ST/STM32CubeIDE_1.13.0/STM32CubeIDE/plugins/com.st.stm32cube.ide.mcu.externaltools.gnu-tools-for-stm32.11.3.rel1.win32_1.1.0.202305231506/tools/bin/../lib/gcc/arm-none-eabi/11.3.1/../../../../arm-none-eabi/lib/thumb/v7e-m+fp/hard\libc_nano.a
LOAD D:/ST/STM32CubeIDE_1.13.0/STM32CubeIDE/plugins/com.st.stm32cube.ide.mcu.externaltools.gnu-tools-for-stm32.11.3.rel1.win32_1.1.0.202305231506/tools/bin/../lib/gcc/arm-none-eabi/11.3.1/../../../../arm-none-eabi/lib/thumb/v7e-m+fp/hard\libnosys.a
END GROUP
LOAD D:/ST/STM32CubeIDE_1.13.0/STM32CubeIDE/plugins/com.st.stm32cube.ide.mcu.externaltools.gnu-tools-for-stm32.11.3.rel1.win32_1.1.0.202305231506/tools/bin/../lib/gcc/arm-none-eabi/11.3.1/thumb/v7e-m+fp/hard/crtend.o
LOAD D:/ST/STM32CubeIDE_1.13.0/STM32CubeIDE/plugins/com.st.stm32cube.ide.mcu.externaltools.gnu-tools-for-stm32.11.3.rel1.win32_1.1.0.202305231506/tools/bin/../lib/gcc/arm-none-eabi/11.3.1/thumb/v7e-m+fp/hard/crtn.o
                0x0000000020020000                _estack = (ORIGIN (RAM) + LENGTH (RAM))
                0x0000000000000200                _Min_Heap_Size = 0x200
                0x0000000000000400                _Min_Stack_Size = 0x400

.isr_vector     0x0000000008000000      0x198
                0x0000000008000000                . = ALIGN (0x4)
 *(.isr_vector)
 .isr_vector    0x0000000008000000      0x198 ./Core/Startup/startup_stm32f411vetx.o
                0x0000000008000000                g_pfnVectors
                0x0000000008000198                . = ALIGN (0x4)

.text           0x0000000008000198     0x41f0
                0x0000000008000198                . = ALIGN (0x4)
 *(.text)
 .text          0x0000000008000198       0x40 D:/ST/STM32CubeIDE_1.13.0/STM32CubeIDE/plugins/com.st.stm32cube.ide.mcu.externaltools.gnu-tools-for-stm32.11.3.rel1.win32_1.1.0.202305231506/tools/bin/../lib/gcc/arm-none-eabi/11.3.1/thumb/v7e-m+fp/hard/crtbegin.o
 .text          0x00000000080001d8      0x378 D:/ST/STM32CubeIDE_1.13.0/STM32CubeIDE/plugins/com.st.stm32cube.ide.mcu.externaltools.gnu-tools-for-stm32.11.3.rel1.win32_1.1.0.202305231506/tools/bin/../lib/gcc/arm-none-eabi/11.3.1/thumb/v7e-m+fp/hard\libgcc.a(_arm_addsubdf3.o)
                0x00000000080001d8                __aeabi_drsub
                0x00000000080001e0                __aeabi_dsub
                0x00000000080001e0                __subdf3
                0x00000000080001e4                __aeabi_dadd
                0x00000000080001e4                __adddf3
                0x000000000800045c                __floatunsidf
                0x000000000800045c                __aeabi_ui2d
                0x000000000800047c                __floatsidf
                0x000000000800047c                __aeabi_i2d
                0x00000000080004a0                __aeabi_f2d
                0x00000000080004a0                __extendsfdf2
                0x00000000080004e4                __floatundidf
                0x00000000080004e4                __aeabi_ul2d
                0x00000000080004f4                __floatdidf
                0x00000000080004f4                __aeabi_l2d
 .text          0x0000000008000550      0x424 D:/ST/STM32CubeIDE_1.13.0/STM32CubeIDE/plugins/com.st.stm32cube.ide.mcu.externaltools.gnu-tools-for-stm32.11.3.rel1.win32_1.1.0.202305231506/tools/bin/../lib/gcc/arm-none-eabi/11.3.1/thumb/v7e-m+fp/hard\libgcc.a(_arm_muldivdf3.o)
                0x0000000008000550                __aeabi_dmul
                0x0000000008000550                __muldf3
                0x00000000080007a4                __divdf3
                0x00000000080007a4                __aeabi_ddiv
 .text          0x0000000008000974       0x40 D:/ST/STM32CubeIDE_1.13.0/STM32CubeIDE/plugins/com.st.stm32cube.ide.mcu.externaltools.gnu-tools-for-stm32.11.3.rel1.win32_1.1.0.202305231506/tools/bin/../lib/gcc/arm-none-eabi/11.3.1/thumb/v7e-m+fp/hard\libgcc.a(_arm_fixunsdfsi.o)
                0x0000000008000974                __aeabi_d2uiz
                0x0000000008000974                __fixunsdfsi
 .text          0x00000000080009b4      0x21c D:/ST/STM32CubeIDE_1.13.0/STM32CubeIDE/plugins/com.st.stm32cube.ide.mcu.externaltools.gnu-tools-for-stm32.11.3.rel1.win32_1.1.0.202305231506/tools/bin/../lib/gcc/arm-none-eabi/11.3.1/thumb/v7e-m+fp/hard\libgcc.a(_arm_addsubsf3.o)
                0x00000000080009b4                __aeabi_frsub
                0x00000000080009bc                __subsf3
                0x00000000080009bc                __aeabi_fsub
                0x00000000080009c0                __aeabi_fadd
                0x00000000080009c0                __addsf3
                0x0000000008000b20                __aeabi_ui2f
                0x0000000008000b20                __floatunsisf
                0x0000000008000b28                __aeabi_i2f
                0x0000000008000b28                __floatsisf
                0x0000000008000b44                __aeabi_ul2f
                0x0000000008000b44                __floatundisf
                0x0000000008000b54                __aeabi_l2f
                0x0000000008000b54                __floatdisf
 .text          0x0000000008000bd0       0x30 D:/ST/STM32CubeIDE_1.13.0/STM32CubeIDE/plugins/com.st.stm32cube.ide.mcu.externaltools.gnu-tools-for-stm32.11.3.rel1.win32_1.1.0.202305231506/tools/bin/../lib/gcc/arm-none-eabi/11.3.1/thumb/v7e-m+fp/hard\libgcc.a(_aeabi_uldivmod.o)
                0x0000000008000bd0                __aeabi_uldivmod
 .text          0x0000000008000c00      0x2c8 D:/ST/STM32CubeIDE_1.13.0/STM32CubeIDE/plugins/com.st.stm32cube.ide.mcu.externaltools.gnu-tools-for-stm32.11.3.rel1.win32_1.1.0.202305231506/tools/bin/../lib/gcc/arm-none-eabi/11.3.1/thumb/v7e-m+fp/hard\libgcc.a(_udivmoddi4.o)
                0x0000000008000c00                __udivmoddi4
 .text          0x0000000008000ec8        0x4 D:/ST/STM32CubeIDE_1.13.0/STM32CubeIDE/plugins/com.st.stm32cube.ide.mcu.externaltools.gnu-tools-for-stm32.11.3.rel1.win32_1.1.0.202305231506/tools/bin/../lib/gcc/arm-none-eabi/11.3.1/thumb/v7e-m+fp/hard\libgcc.a(_dvmd_tls.o)
                0x0000000008000ec8                __aeabi_idiv0
                0x0000000008000ec8                __aeabi_ldiv0
 *(.text*)
 .text.DrawBox  0x0000000008000ecc       0x26 ./Core/Src/main.o
                0x0000000008000ecc                DrawBox
 .text.DrawText
                0x0000000008000ef2       0x52 ./Core/Src/main.o
                0x0000000008000ef2                DrawText
 .text.DrawIcon
                0x0000000008000f44       0x3c ./Core/Src/main.o
                0x0000000008000f44                DrawIcon
 .text.S1_IntToASCII
                0x0000000008000f80      0x13c ./Core/Src/main.o
                0x0000000008000f80                S1_IntToASCII
 .text.DisplayPressure
                0x00000000080010bc      0x17c ./Core/Src/main.o
 .text.DisplayTemperature
                0x0000000008001238      0x1ac ./Core/Src/main.o
 .text.DisplayBattery
                0x00000000080013e4      0x18c ./Core/Src/main.o
 .text.DisplayOperatingHour
                0x0000000008001570       0xa8 ./Core/Src/main.o
 .text.DisplayRPM
                0x0000000008001618       0x6c ./Core/Src/main.o
 .text.DisplayUVIndex
                0x0000000008001684       0xbc ./Core/Src/main.o
 .text.DisplayBackground
                0x0000000008001740       0x90 ./Core/Src/main.o
 .text.main     0x00000000080017d0       0xb8 ./Core/Src/main.o
                0x00000000080017d0                main
 .text.SystemClock_Config
                0x0000000008001888       0xd0 ./Core/Src/main.o
                0x0000000008001888                SystemClock_Config
 .text.MX_SPI1_Init
                0x0000000008001958       0x6c ./Core/Src/main.o
 .text.MX_DMA_Init
                0x00000000080019c4       0x40 ./Core/Src/main.o
 .text.MX_GPIO_Init
                0x0000000008001a04       0xe8 ./Core/Src/main.o
 .text.Error_Handler
                0x0000000008001aec        0xa ./Core/Src/main.o
                0x0000000008001aec                Error_Handler
 *fill*         0x0000000008001af6        0x2 
 .text.ST7789_WriteCommand
                0x0000000008001af8       0x38 ./Core/Src/st7789.o
 .text.ST7789_WriteData
                0x0000000008001b30       0x8c ./Core/Src/st7789.o
 .text.ST7789_WriteSmallData
                0x0000000008001bbc       0x38 ./Core/Src/st7789.o
 .text.ST7789_SetRotation
                0x0000000008001bf4       0x58 ./Core/Src/st7789.o
                0x0000000008001bf4                ST7789_SetRotation
 .text.ST7789_SetAddressWindow
                0x0000000008001c4c       0xa4 ./Core/Src/st7789.o
 .text.ST7789_Init
                0x0000000008001cf0      0x150 ./Core/Src/st7789.o
                0x0000000008001cf0                ST7789_Init
 .text.ST7789_Fill_Color
                0x0000000008001e40       0x80 ./Core/Src/st7789.o
                0x0000000008001e40                ST7789_Fill_Color
 .text.ST7789_DrawPixel
                0x0000000008001ec0       0x56 ./Core/Src/st7789.o
                0x0000000008001ec0                ST7789_DrawPixel
 .text.ST7789_DrawLine
                0x0000000008001f16      0x118 ./Core/Src/st7789.o
                0x0000000008001f16                ST7789_DrawLine
 .text.ST7789_DrawImage
                0x000000000800202e       0x8c ./Core/Src/st7789.o
                0x000000000800202e                ST7789_DrawImage
 .text.ST7789_InvertColors
                0x00000000080020ba       0x28 ./Core/Src/st7789.o
                0x00000000080020ba                ST7789_InvertColors
 .text.ST7789_WriteChar
                0x00000000080020e2       0xe2 ./Core/Src/st7789.o
                0x00000000080020e2                ST7789_WriteChar
 .text.ST7789_WriteString
                0x00000000080021c4       0x8e ./Core/Src/st7789.o
                0x00000000080021c4                ST7789_WriteString
 .text.ST7789_DrawFilledRectangle
                0x0000000008002252       0xa0 ./Core/Src/st7789.o
                0x0000000008002252                ST7789_DrawFilledRectangle
 *fill*         0x00000000080022f2        0x2 
 .text.HAL_MspInit
                0x00000000080022f4       0x50 ./Core/Src/stm32f4xx_hal_msp.o
                0x00000000080022f4                HAL_MspInit
 .text.HAL_SPI_MspInit
                0x0000000008002344       0xf4 ./Core/Src/stm32f4xx_hal_msp.o
                0x0000000008002344                HAL_SPI_MspInit
 .text.NMI_Handler
                0x0000000008002438        0x6 ./Core/Src/stm32f4xx_it.o
                0x0000000008002438                NMI_Handler
 .text.HardFault_Handler
                0x000000000800243e        0x6 ./Core/Src/stm32f4xx_it.o
                0x000000000800243e                HardFault_Handler
 .text.MemManage_Handler
                0x0000000008002444        0x6 ./Core/Src/stm32f4xx_it.o
                0x0000000008002444                MemManage_Handler
 .text.BusFault_Handler
                0x000000000800244a        0x6 ./Core/Src/stm32f4xx_it.o
                0x000000000800244a                BusFault_Handler
 .text.UsageFault_Handler
                0x0000000008002450        0x6 ./Core/Src/stm32f4xx_it.o
                0x0000000008002450                UsageFault_Handler
 .text.SVC_Handler
                0x0000000008002456        0xe ./Core/Src/stm32f4xx_it.o
                0x0000000008002456                SVC_Handler
 .text.DebugMon_Handler
                0x0000000008002464        0xe ./Core/Src/stm32f4xx_it.o
                0x0000000008002464                DebugMon_Handler
 .text.PendSV_Handler
                0x0000000008002472        0xe ./Core/Src/stm32f4xx_it.o
                0x0000000008002472                PendSV_Handler
 .text.SysTick_Handler
                0x0000000008002480        0xc ./Core/Src/stm32f4xx_it.o
                0x0000000008002480                SysTick_Handler
 .text.DMA2_Stream2_IRQHandler
                0x000000000800248c       0x14 ./Core/Src/stm32f4xx_it.o
                0x000000000800248c                DMA2_Stream2_IRQHandler
 .text.SystemInit
                0x00000000080024a0       0x24 ./Core/Src/system_stm32f4xx.o
                0x00000000080024a0                SystemInit
 .text.Reset_Handler
                0x00000000080024c4       0x50 ./Core/Startup/startup_stm32f411vetx.o
                0x00000000080024c4                Reset_Handler
 .text.Default_Handler
                0x0000000008002514        0x2 ./Core/Startup/startup_stm32f411vetx.o
                0x0000000008002514                RTC_Alarm_IRQHandler
                0x0000000008002514                EXTI2_IRQHandler
                0x0000000008002514                SPI4_IRQHandler
                0x0000000008002514                TIM1_CC_IRQHandler
                0x0000000008002514                DMA2_Stream5_IRQHandler
                0x0000000008002514                DMA1_Stream5_IRQHandler
                0x0000000008002514                PVD_IRQHandler
                0x0000000008002514                SDIO_IRQHandler
                0x0000000008002514                TAMP_STAMP_IRQHandler
                0x0000000008002514                EXTI3_IRQHandler
                0x0000000008002514                TIM1_UP_TIM10_IRQHandler
                0x0000000008002514                I2C3_ER_IRQHandler
                0x0000000008002514                EXTI0_IRQHandler
                0x0000000008002514                I2C2_EV_IRQHandler
                0x0000000008002514                DMA1_Stream2_IRQHandler
                0x0000000008002514                FPU_IRQHandler
                0x0000000008002514                SPI1_IRQHandler
                0x0000000008002514                TIM1_BRK_TIM9_IRQHandler
                0x0000000008002514                DMA2_Stream3_IRQHandler
                0x0000000008002514                USART6_IRQHandler
                0x0000000008002514                DMA2_Stream0_IRQHandler
                0x0000000008002514                TIM4_IRQHandler
                0x0000000008002514                I2C1_EV_IRQHandler
                0x0000000008002514                DMA1_Stream6_IRQHandler
                0x0000000008002514                DMA1_Stream1_IRQHandler
                0x0000000008002514                TIM3_IRQHandler
                0x0000000008002514                RCC_IRQHandler
                0x0000000008002514                Default_Handler
                0x0000000008002514                EXTI15_10_IRQHandler
                0x0000000008002514                ADC_IRQHandler
                0x0000000008002514                DMA1_Stream7_IRQHandler
                0x0000000008002514                SPI5_IRQHandler
                0x0000000008002514                TIM5_IRQHandler
                0x0000000008002514                DMA2_Stream7_IRQHandler
                0x0000000008002514                I2C3_EV_IRQHandler
                0x0000000008002514                EXTI9_5_IRQHandler
                0x0000000008002514                RTC_WKUP_IRQHandler
                0x0000000008002514                SPI2_IRQHandler
                0x0000000008002514                DMA1_Stream0_IRQHandler
                0x0000000008002514                EXTI4_IRQHandler
                0x0000000008002514                WWDG_IRQHandler
                0x0000000008002514                TIM2_IRQHandler
                0x0000000008002514                OTG_FS_WKUP_IRQHandler
                0x0000000008002514                TIM1_TRG_COM_TIM11_IRQHandler
                0x0000000008002514                EXTI1_IRQHandler
                0x0000000008002514                USART2_IRQHandler
                0x0000000008002514                I2C2_ER_IRQHandler
                0x0000000008002514                DMA2_Stream1_IRQHandler
                0x0000000008002514                FLASH_IRQHandler
                0x0000000008002514                DMA2_Stream4_IRQHandler
                0x0000000008002514                USART1_IRQHandler
                0x0000000008002514                OTG_FS_IRQHandler
                0x0000000008002514                SPI3_IRQHandler
                0x0000000008002514                DMA1_Stream4_IRQHandler
                0x0000000008002514                I2C1_ER_IRQHandler
                0x0000000008002514                DMA2_Stream6_IRQHandler
                0x0000000008002514                DMA1_Stream3_IRQHandler
 *fill*         0x0000000008002516        0x2 
 .text.HAL_Init
                0x0000000008002518       0x44 ./Drivers/STM32F4xx_HAL_Driver/Src/stm32f4xx_hal.o
                0x0000000008002518                HAL_Init
 .text.HAL_InitTick
                0x000000000800255c       0x60 ./Drivers/STM32F4xx_HAL_Driver/Src/stm32f4xx_hal.o
                0x000000000800255c                HAL_InitTick
 .text.HAL_IncTick
                0x00000000080025bc       0x28 ./Drivers/STM32F4xx_HAL_Driver/Src/stm32f4xx_hal.o
                0x00000000080025bc                HAL_IncTick
 .text.HAL_GetTick
                0x00000000080025e4       0x18 ./Drivers/STM32F4xx_HAL_Driver/Src/stm32f4xx_hal.o
                0x00000000080025e4                HAL_GetTick
 .text.HAL_Delay
                0x00000000080025fc       0x48 ./Drivers/STM32F4xx_HAL_Driver/Src/stm32f4xx_hal.o
                0x00000000080025fc                HAL_Delay
 .text.__NVIC_SetPriorityGrouping
                0x0000000008002644       0x48 ./Drivers/STM32F4xx_HAL_Driver/Src/stm32f4xx_hal_cortex.o
 .text.__NVIC_GetPriorityGrouping
                0x000000000800268c       0x1c ./Drivers/STM32F4xx_HAL_Driver/Src/stm32f4xx_hal_cortex.o
 .text.__NVIC_EnableIRQ
                0x00000000080026a8       0x3c ./Drivers/STM32F4xx_HAL_Driver/Src/stm32f4xx_hal_cortex.o
 .text.__NVIC_SetPriority
                0x00000000080026e4       0x54 ./Drivers/STM32F4xx_HAL_Driver/Src/stm32f4xx_hal_cortex.o
 .text.NVIC_EncodePriority
                0x0000000008002738       0x66 ./Drivers/STM32F4xx_HAL_Driver/Src/stm32f4xx_hal_cortex.o
 *fill*         0x000000000800279e        0x2 
 .text.SysTick_Config
                0x00000000080027a0       0x44 ./Drivers/STM32F4xx_HAL_Driver/Src/stm32f4xx_hal_cortex.o
 .text.HAL_NVIC_SetPriorityGrouping
                0x00000000080027e4       0x16 ./Drivers/STM32F4xx_HAL_Driver/Src/stm32f4xx_hal_cortex.o
                0x00000000080027e4                HAL_NVIC_SetPriorityGrouping
 .text.HAL_NVIC_SetPriority
                0x00000000080027fa       0x38 ./Drivers/STM32F4xx_HAL_Driver/Src/stm32f4xx_hal_cortex.o
                0x00000000080027fa                HAL_NVIC_SetPriority
 .text.HAL_NVIC_EnableIRQ
                0x0000000008002832       0x1c ./Drivers/STM32F4xx_HAL_Driver/Src/stm32f4xx_hal_cortex.o
                0x0000000008002832                HAL_NVIC_EnableIRQ
 .text.HAL_SYSTICK_Config
                0x000000000800284e       0x18 ./Drivers/STM32F4xx_HAL_Driver/Src/stm32f4xx_hal_cortex.o
                0x000000000800284e                HAL_SYSTICK_Config
 *fill*         0x0000000008002866        0x2 
 .text.HAL_DMA_Init
                0x0000000008002868      0x15c ./Drivers/STM32F4xx_HAL_Driver/Src/stm32f4xx_hal_dma.o
                0x0000000008002868                HAL_DMA_Init
 .text.HAL_DMA_Start_IT
                0x00000000080029c4       0xb0 ./Drivers/STM32F4xx_HAL_Driver/Src/stm32f4xx_hal_dma.o
                0x00000000080029c4                HAL_DMA_Start_IT
 .text.HAL_DMA_IRQHandler
                0x0000000008002a74      0x314 ./Drivers/STM32F4xx_HAL_Driver/Src/stm32f4xx_hal_dma.o
                0x0000000008002a74                HAL_DMA_IRQHandler
 .text.DMA_SetConfig
                0x0000000008002d88       0x5c ./Drivers/STM32F4xx_HAL_Driver/Src/stm32f4xx_hal_dma.o
 .text.DMA_CalcBaseAndBitshift
                0x0000000008002de4       0x6c ./Drivers/STM32F4xx_HAL_Driver/Src/stm32f4xx_hal_dma.o
 .text.DMA_CheckFifoParam
                0x0000000008002e50       0xf8 ./Drivers/STM32F4xx_HAL_Driver/Src/stm32f4xx_hal_dma.o
 .text.HAL_GPIO_Init
                0x0000000008002f48      0x308 ./Drivers/STM32F4xx_HAL_Driver/Src/stm32f4xx_hal_gpio.o
                0x0000000008002f48                HAL_GPIO_Init
 .text.HAL_GPIO_WritePin
                0x0000000008003250       0x32 ./Drivers/STM32F4xx_HAL_Driver/Src/stm32f4xx_hal_gpio.o
                0x0000000008003250                HAL_GPIO_WritePin
 *fill*         0x0000000008003282        0x2 
 .text.HAL_RCC_OscConfig
                0x0000000008003284      0x4f0 ./Drivers/STM32F4xx_HAL_Driver/Src/stm32f4xx_hal_rcc.o
                0x0000000008003284                HAL_RCC_OscConfig
 .text.HAL_RCC_ClockConfig
                0x0000000008003774      0x1cc ./Drivers/STM32F4xx_HAL_Driver/Src/stm32f4xx_hal_rcc.o
                0x0000000008003774                HAL_RCC_ClockConfig
 .text.HAL_RCC_GetSysClockFreq
                0x0000000008003940      0x20c ./Drivers/STM32F4xx_HAL_Driver/Src/stm32f4xx_hal_rcc.o
                0x0000000008003940                HAL_RCC_GetSysClockFreq
 .text.HAL_SPI_Init
                0x0000000008003b4c      0x112 ./Drivers/STM32F4xx_HAL_Driver/Src/stm32f4xx_hal_spi.o
                0x0000000008003b4c                HAL_SPI_Init
 .text.HAL_SPI_Transmit
                0x0000000008003c5e      0x278 ./Drivers/STM32F4xx_HAL_Driver/Src/stm32f4xx_hal_spi.o
                0x0000000008003c5e                HAL_SPI_Transmit
 *fill*         0x0000000008003ed6        0x2 
 .text.HAL_SPI_Transmit_DMA
                0x0000000008003ed8      0x16c ./Drivers/STM32F4xx_HAL_Driver/Src/stm32f4xx_hal_spi.o
                0x0000000008003ed8                HAL_SPI_Transmit_DMA
 .text.HAL_SPI_TxCpltCallback
                0x0000000008004044       0x14 ./Drivers/STM32F4xx_HAL_Driver/Src/stm32f4xx_hal_spi.o
                0x0000000008004044                HAL_SPI_TxCpltCallback
 .text.HAL_SPI_TxHalfCpltCallback
                0x0000000008004058       0x14 ./Drivers/STM32F4xx_HAL_Driver/Src/stm32f4xx_hal_spi.o
                0x0000000008004058                HAL_SPI_TxHalfCpltCallback
 .text.HAL_SPI_ErrorCallback
                0x000000000800406c       0x14 ./Drivers/STM32F4xx_HAL_Driver/Src/stm32f4xx_hal_spi.o
                0x000000000800406c                HAL_SPI_ErrorCallback
 .text.SPI_DMATransmitCplt
                0x0000000008004080       0xa8 ./Drivers/STM32F4xx_HAL_Driver/Src/stm32f4xx_hal_spi.o
 .text.SPI_DMAHalfTransmitCplt
                0x0000000008004128       0x1c ./Drivers/STM32F4xx_HAL_Driver/Src/stm32f4xx_hal_spi.o
 .text.SPI_DMAError
                0x0000000008004144       0x40 ./Drivers/STM32F4xx_HAL_Driver/Src/stm32f4xx_hal_spi.o
 .text.SPI_WaitFlagStateUntilTimeout
                0x0000000008004184      0x110 ./Drivers/STM32F4xx_HAL_Driver/Src/stm32f4xx_hal_spi.o
 .text.SPI_EndRxTxTransaction
                0x0000000008004294       0x84 ./Drivers/STM32F4xx_HAL_Driver/Src/stm32f4xx_hal_spi.o
 .text.memset   0x0000000008004318       0x10 D:/ST/STM32CubeIDE_1.13.0/STM32CubeIDE/plugins/com.st.stm32cube.ide.mcu.externaltools.gnu-tools-for-stm32.11.3.rel1.win32_1.1.0.202305231506/tools/bin/../lib/gcc/arm-none-eabi/11.3.1/../../../../arm-none-eabi/lib/thumb/v7e-m+fp/hard\libc_nano.a(libc_a-memset.o)
                0x0000000008004318                memset
 .text.__libc_init_array
                0x0000000008004328       0x48 D:/ST/STM32CubeIDE_1.13.0/STM32CubeIDE/plugins/com.st.stm32cube.ide.mcu.externaltools.gnu-tools-for-stm32.11.3.rel1.win32_1.1.0.202305231506/tools/bin/../lib/gcc/arm-none-eabi/11.3.1/../../../../arm-none-eabi/lib/thumb/v7e-m+fp/hard\libc_nano.a(libc_a-init.o)
                0x0000000008004328                __libc_init_array
 *(.glue_7)
 .glue_7        0x0000000008004370        0x0 linker stubs
 *(.glue_7t)
 .glue_7t       0x0000000008004370        0x0 linker stubs
 *(.eh_frame)
 .eh_frame      0x0000000008004370        0x0 D:/ST/STM32CubeIDE_1.13.0/STM32CubeIDE/plugins/com.st.stm32cube.ide.mcu.externaltools.gnu-tools-for-stm32.11.3.rel1.win32_1.1.0.202305231506/tools/bin/../lib/gcc/arm-none-eabi/11.3.1/thumb/v7e-m+fp/hard/crtbegin.o
 *(.init)
 .init          0x0000000008004370        0x4 D:/ST/STM32CubeIDE_1.13.0/STM32CubeIDE/plugins/com.st.stm32cube.ide.mcu.externaltools.gnu-tools-for-stm32.11.3.rel1.win32_1.1.0.202305231506/tools/bin/../lib/gcc/arm-none-eabi/11.3.1/thumb/v7e-m+fp/hard/crti.o
                0x0000000008004370                _init
 .init          0x0000000008004374        0x8 D:/ST/STM32CubeIDE_1.13.0/STM32CubeIDE/plugins/com.st.stm32cube.ide.mcu.externaltools.gnu-tools-for-stm32.11.3.rel1.win32_1.1.0.202305231506/tools/bin/../lib/gcc/arm-none-eabi/11.3.1/thumb/v7e-m+fp/hard/crtn.o
 *(.fini)
 .fini          0x000000000800437c        0x4 D:/ST/STM32CubeIDE_1.13.0/STM32CubeIDE/plugins/com.st.stm32cube.ide.mcu.externaltools.gnu-tools-for-stm32.11.3.rel1.win32_1.1.0.202305231506/tools/bin/../lib/gcc/arm-none-eabi/11.3.1/thumb/v7e-m+fp/hard/crti.o
                0x000000000800437c                _fini
 .fini          0x0000000008004380        0x8 D:/ST/STM32CubeIDE_1.13.0/STM32CubeIDE/plugins/com.st.stm32cube.ide.mcu.externaltools.gnu-tools-for-stm32.11.3.rel1.win32_1.1.0.202305231506/tools/bin/../lib/gcc/arm-none-eabi/11.3.1/thumb/v7e-m+fp/hard/crtn.o
                0x0000000008004388                . = ALIGN (0x4)
                0x0000000008004388                _etext = .

.vfp11_veneer   0x0000000008004388        0x0
 .vfp11_veneer  0x0000000008004388        0x0 linker stubs

.v4_bx          0x0000000008004388        0x0
 .v4_bx         0x0000000008004388        0x0 linker stubs

.iplt           0x0000000008004388        0x0
 .iplt          0x0000000008004388        0x0 D:/ST/STM32CubeIDE_1.13.0/STM32CubeIDE/plugins/com.st.stm32cube.ide.mcu.externaltools.gnu-tools-for-stm32.11.3.rel1.win32_1.1.0.202305231506/tools/bin/../lib/gcc/arm-none-eabi/11.3.1/thumb/v7e-m+fp/hard/crtbegin.o

.rodata         0x0000000008004388     0x3414
                0x0000000008004388                . = ALIGN (0x4)
 *(.rodata)
 .rodata        0x0000000008004388      0x15c ./Core/Src/main.o
 .rodata        0x00000000080044e4       0x26 ./Core/Src/st7789.o
 *(.rodata*)
 *fill*         0x000000000800450a        0x2 
 .rodata.Font7x10
                0x000000000800450c      0x76c ./Core/Src/fonts.o
 .rodata.Font11x18
                0x0000000008004c78      0xd5c ./Core/Src/fonts.o
 .rodata.Font16x26
                0x00000000080059d4     0x134c ./Core/Src/fonts.o
 .rodata.iconTemperature
                0x0000000008006d20      0x3c8 ./Core/Src/fonts.o
                0x0000000008006d20                iconTemperature
 .rodata.iconBattery
                0x00000000080070e8      0x330 ./Core/Src/fonts.o
                0x00000000080070e8                iconBattery
 .rodata.cst_Icon
                0x0000000008007418       0x3c ./Core/Src/main.o
                0x0000000008007418                cst_Icon
 .rodata.cst_Text
                0x0000000008007454      0x330 ./Core/Src/main.o
                0x0000000008007454                cst_Text
 .rodata.AHBPrescTable
                0x0000000008007784       0x10 ./Core/Src/system_stm32f4xx.o
                0x0000000008007784                AHBPrescTable
 .rodata.flagBitshiftOffset.0
                0x0000000008007794        0x8 ./Drivers/STM32F4xx_HAL_Driver/Src/stm32f4xx_hal_dma.o
                0x000000000800779c                . = ALIGN (0x4)

.ARM.extab      0x000000000800779c        0x0
                0x000000000800779c                . = ALIGN (0x4)
 *(.ARM.extab* .gnu.linkonce.armextab.*)
                0x000000000800779c                . = ALIGN (0x4)

.ARM            0x000000000800779c        0x8
                0x000000000800779c                . = ALIGN (0x4)
                0x000000000800779c                __exidx_start = .
 *(.ARM.exidx*)
 .ARM.exidx     0x000000000800779c        0x8 D:/ST/STM32CubeIDE_1.13.0/STM32CubeIDE/plugins/com.st.stm32cube.ide.mcu.externaltools.gnu-tools-for-stm32.11.3.rel1.win32_1.1.0.202305231506/tools/bin/../lib/gcc/arm-none-eabi/11.3.1/thumb/v7e-m+fp/hard\libgcc.a(_udivmoddi4.o)
                0x00000000080077a4                __exidx_end = .
                0x00000000080077a4                . = ALIGN (0x4)

.rel.dyn        0x00000000080077a4        0x0
 .rel.iplt      0x00000000080077a4        0x0 D:/ST/STM32CubeIDE_1.13.0/STM32CubeIDE/plugins/com.st.stm32cube.ide.mcu.externaltools.gnu-tools-for-stm32.11.3.rel1.win32_1.1.0.202305231506/tools/bin/../lib/gcc/arm-none-eabi/11.3.1/thumb/v7e-m+fp/hard/crtbegin.o

.preinit_array  0x00000000080077a4        0x0
                0x00000000080077a4                . = ALIGN (0x4)
                0x00000000080077a4                PROVIDE (__preinit_array_start = .)
 *(.preinit_array*)
                0x00000000080077a4                PROVIDE (__preinit_array_end = .)
                0x00000000080077a4                . = ALIGN (0x4)

.init_array     0x00000000080077a4        0x4
                0x00000000080077a4                . = ALIGN (0x4)
                0x00000000080077a4                PROVIDE (__init_array_start = .)
 *(SORT_BY_NAME(.init_array.*))
 *(.init_array*)
 .init_array    0x00000000080077a4        0x4 D:/ST/STM32CubeIDE_1.13.0/STM32CubeIDE/plugins/com.st.stm32cube.ide.mcu.externaltools.gnu-tools-for-stm32.11.3.rel1.win32_1.1.0.202305231506/tools/bin/../lib/gcc/arm-none-eabi/11.3.1/thumb/v7e-m+fp/hard/crtbegin.o
                0x00000000080077a8                PROVIDE (__init_array_end = .)
                0x00000000080077a8                . = ALIGN (0x4)

.fini_array     0x00000000080077a8        0x4
                0x00000000080077a8                . = ALIGN (0x4)
                [!provide]                        PROVIDE (__fini_array_start = .)
 *(SORT_BY_NAME(.fini_array.*))
 *(.fini_array*)
 .fini_array    0x00000000080077a8        0x4 D:/ST/STM32CubeIDE_1.13.0/STM32CubeIDE/plugins/com.st.stm32cube.ide.mcu.externaltools.gnu-tools-for-stm32.11.3.rel1.win32_1.1.0.202305231506/tools/bin/../lib/gcc/arm-none-eabi/11.3.1/thumb/v7e-m+fp/hard/crtbegin.o
                [!provide]                        PROVIDE (__fini_array_end = .)
                0x00000000080077ac                . = ALIGN (0x4)
                0x00000000080077ac                _sidata = LOADADDR (.data)

.data           0x0000000020000000      0x5c8 load address 0x00000000080077ac
                0x0000000020000000                . = ALIGN (0x4)
                0x0000000020000000                _sdata = .
 *(.data)
 *(.data*)
 .data.iconPressure
                0x0000000020000000      0x5a0 ./Core/Src/fonts.o
                0x0000000020000000                iconPressure
 .data.Font_7x10
                0x00000000200005a0        0x8 ./Core/Src/fonts.o
                0x00000000200005a0                Font_7x10
 .data.Font_11x18
                0x00000000200005a8        0x8 ./Core/Src/fonts.o
                0x00000000200005a8                Font_11x18
 .data.Font_16x26
                0x00000000200005b0        0x8 ./Core/Src/fonts.o
                0x00000000200005b0                Font_16x26
 .data.DMA_MIN_SIZE
                0x00000000200005b8        0x2 ./Core/Src/st7789.o
                0x00000000200005b8                DMA_MIN_SIZE
 *fill*         0x00000000200005ba        0x2 
 .data.SystemCoreClock
                0x00000000200005bc        0x4 ./Core/Src/system_stm32f4xx.o
                0x00000000200005bc                SystemCoreClock
 .data.uwTickPrio
                0x00000000200005c0        0x4 ./Drivers/STM32F4xx_HAL_Driver/Src/stm32f4xx_hal.o
                0x00000000200005c0                uwTickPrio
 .data.uwTickFreq
                0x00000000200005c4        0x1 ./Drivers/STM32F4xx_HAL_Driver/Src/stm32f4xx_hal.o
                0x00000000200005c4                uwTickFreq
 *(.RamFunc)
 *(.RamFunc*)
                0x00000000200005c8                . = ALIGN (0x4)
 *fill*         0x00000000200005c5        0x3 
                0x00000000200005c8                _edata = .

.igot.plt       0x00000000200005c8        0x0 load address 0x0000000008007d74
 .igot.plt      0x00000000200005c8        0x0 D:/ST/STM32CubeIDE_1.13.0/STM32CubeIDE/plugins/com.st.stm32cube.ide.mcu.externaltools.gnu-tools-for-stm32.11.3.rel1.win32_1.1.0.202305231506/tools/bin/../lib/gcc/arm-none-eabi/11.3.1/thumb/v7e-m+fp/hard/crtbegin.o
                0x00000000200005c8                . = ALIGN (0x4)

.bss            0x00000000200005c8      0xd6c load address 0x0000000008007d74
                0x00000000200005c8                _sbss = .
                0x00000000200005c8                __bss_start__ = _sbss
 *(.bss)
 .bss           0x00000000200005c8       0x1c D:/ST/STM32CubeIDE_1.13.0/STM32CubeIDE/plugins/com.st.stm32cube.ide.mcu.externaltools.gnu-tools-for-stm32.11.3.rel1.win32_1.1.0.202305231506/tools/bin/../lib/gcc/arm-none-eabi/11.3.1/thumb/v7e-m+fp/hard/crtbegin.o
 *(.bss*)
 .bss.au1_ShipTemperature
                0x00000000200005e4        0x4 ./Core/Src/main.o
                0x00000000200005e4                au1_ShipTemperature
 .bss.au2_Div   0x00000000200005e8        0x2 ./Core/Src/main.o
                0x00000000200005e8                au2_Div
 *fill*         0x00000000200005ea        0x2 
 .bss.af4_Temp  0x00000000200005ec        0x4 ./Core/Src/main.o
                0x00000000200005ec                af4_Temp
 .bss.hspi1     0x00000000200005f0       0x58 ./Core/Src/main.o
                0x00000000200005f0                hspi1
 .bss.hdma_spi1_tx
                0x0000000020000648       0x60 ./Core/Src/main.o
                0x0000000020000648                hdma_spi1_tx
 .bss.i         0x00000000200006a8        0x8 ./Core/Src/main.o
                0x00000000200006a8                i
 .bss.disp_buf  0x00000000200006b0      0xc80 ./Core/Src/st7789.o
                0x00000000200006b0                disp_buf
 .bss.uwTick    0x0000000020001330        0x4 ./Drivers/STM32F4xx_HAL_Driver/Src/stm32f4xx_hal.o
                0x0000000020001330                uwTick
 *(COMMON)
                0x0000000020001334                . = ALIGN (0x4)
                0x0000000020001334                _ebss = .
                0x0000000020001334                __bss_end__ = _ebss

._user_heap_stack
                0x0000000020001334      0x604 load address 0x0000000008007d74
                0x0000000020001338                . = ALIGN (0x8)
 *fill*         0x0000000020001334        0x4 
                [!provide]                        PROVIDE (end = .)
                0x0000000020001338                PROVIDE (_end = .)
                0x0000000020001538                . = (. + _Min_Heap_Size)
 *fill*         0x0000000020001338      0x200 
                0x0000000020001938                . = (. + _Min_Stack_Size)
 *fill*         0x0000000020001538      0x400 
                0x0000000020001938                . = ALIGN (0x8)

/DISCARD/
 libc.a(*)
 libm.a(*)
 libgcc.a(*)

.ARM.attributes
                0x0000000000000000       0x30
 *(.ARM.attributes)
 .ARM.attributes
                0x0000000000000000       0x1e D:/ST/STM32CubeIDE_1.13.0/STM32CubeIDE/plugins/com.st.stm32cube.ide.mcu.externaltools.gnu-tools-for-stm32.11.3.rel1.win32_1.1.0.202305231506/tools/bin/../lib/gcc/arm-none-eabi/11.3.1/thumb/v7e-m+fp/hard/crti.o
 .ARM.attributes
                0x000000000000001e       0x34 D:/ST/STM32CubeIDE_1.13.0/STM32CubeIDE/plugins/com.st.stm32cube.ide.mcu.externaltools.gnu-tools-for-stm32.11.3.rel1.win32_1.1.0.202305231506/tools/bin/../lib/gcc/arm-none-eabi/11.3.1/thumb/v7e-m+fp/hard/crtbegin.o
 .ARM.attributes
                0x0000000000000052       0x34 ./Core/Src/fonts.o
 .ARM.attributes
                0x0000000000000086       0x34 ./Core/Src/main.o
 .ARM.attributes
                0x00000000000000ba       0x34 ./Core/Src/st7789.o
 .ARM.attributes
                0x00000000000000ee       0x34 ./Core/Src/stm32f4xx_hal_msp.o
 .ARM.attributes
                0x0000000000000122       0x34 ./Core/Src/stm32f4xx_it.o
 .ARM.attributes
                0x0000000000000156       0x34 ./Core/Src/system_stm32f4xx.o
 .ARM.attributes
                0x000000000000018a       0x21 ./Core/Startup/startup_stm32f411vetx.o
 .ARM.attributes
                0x00000000000001ab       0x34 ./Drivers/STM32F4xx_HAL_Driver/Src/stm32f4xx_hal.o
 .ARM.attributes
                0x00000000000001df       0x34 ./Drivers/STM32F4xx_HAL_Driver/Src/stm32f4xx_hal_cortex.o
 .ARM.attributes
                0x0000000000000213       0x34 ./Drivers/STM32F4xx_HAL_Driver/Src/stm32f4xx_hal_dma.o
 .ARM.attributes
                0x0000000000000247       0x34 ./Drivers/STM32F4xx_HAL_Driver/Src/stm32f4xx_hal_gpio.o
 .ARM.attributes
                0x000000000000027b       0x34 ./Drivers/STM32F4xx_HAL_Driver/Src/stm32f4xx_hal_rcc.o
 .ARM.attributes
                0x00000000000002af       0x34 ./Drivers/STM32F4xx_HAL_Driver/Src/stm32f4xx_hal_spi.o
 .ARM.attributes
                0x00000000000002e3       0x34 D:/ST/STM32CubeIDE_1.13.0/STM32CubeIDE/plugins/com.st.stm32cube.ide.mcu.externaltools.gnu-tools-for-stm32.11.3.rel1.win32_1.1.0.202305231506/tools/bin/../lib/gcc/arm-none-eabi/11.3.1/../../../../arm-none-eabi/lib/thumb/v7e-m+fp/hard\libc_nano.a(libc_a-memset.o)
 .ARM.attributes
                0x0000000000000317       0x34 D:/ST/STM32CubeIDE_1.13.0/STM32CubeIDE/plugins/com.st.stm32cube.ide.mcu.externaltools.gnu-tools-for-stm32.11.3.rel1.win32_1.1.0.202305231506/tools/bin/../lib/gcc/arm-none-eabi/11.3.1/../../../../arm-none-eabi/lib/thumb/v7e-m+fp/hard\libc_nano.a(libc_a-init.o)
 .ARM.attributes
                0x000000000000034b       0x1e D:/ST/STM32CubeIDE_1.13.0/STM32CubeIDE/plugins/com.st.stm32cube.ide.mcu.externaltools.gnu-tools-for-stm32.11.3.rel1.win32_1.1.0.202305231506/tools/bin/../lib/gcc/arm-none-eabi/11.3.1/thumb/v7e-m+fp/hard\libgcc.a(_arm_addsubdf3.o)
 .ARM.attributes
                0x0000000000000369       0x1e D:/ST/STM32CubeIDE_1.13.0/STM32CubeIDE/plugins/com.st.stm32cube.ide.mcu.externaltools.gnu-tools-for-stm32.11.3.rel1.win32_1.1.0.202305231506/tools/bin/../lib/gcc/arm-none-eabi/11.3.1/thumb/v7e-m+fp/hard\libgcc.a(_arm_muldivdf3.o)
 .ARM.attributes
                0x0000000000000387       0x1e D:/ST/STM32CubeIDE_1.13.0/STM32CubeIDE/plugins/com.st.stm32cube.ide.mcu.externaltools.gnu-tools-for-stm32.11.3.rel1.win32_1.1.0.202305231506/tools/bin/../lib/gcc/arm-none-eabi/11.3.1/thumb/v7e-m+fp/hard\libgcc.a(_arm_fixunsdfsi.o)
 .ARM.attributes
                0x00000000000003a5       0x1e D:/ST/STM32CubeIDE_1.13.0/STM32CubeIDE/plugins/com.st.stm32cube.ide.mcu.externaltools.gnu-tools-for-stm32.11.3.rel1.win32_1.1.0.202305231506/tools/bin/../lib/gcc/arm-none-eabi/11.3.1/thumb/v7e-m+fp/hard\libgcc.a(_arm_addsubsf3.o)
 .ARM.attributes
                0x00000000000003c3       0x1e D:/ST/STM32CubeIDE_1.13.0/STM32CubeIDE/plugins/com.st.stm32cube.ide.mcu.externaltools.gnu-tools-for-stm32.11.3.rel1.win32_1.1.0.202305231506/tools/bin/../lib/gcc/arm-none-eabi/11.3.1/thumb/v7e-m+fp/hard\libgcc.a(_aeabi_uldivmod.o)
 .ARM.attributes
                0x00000000000003e1       0x34 D:/ST/STM32CubeIDE_1.13.0/STM32CubeIDE/plugins/com.st.stm32cube.ide.mcu.externaltools.gnu-tools-for-stm32.11.3.rel1.win32_1.1.0.202305231506/tools/bin/../lib/gcc/arm-none-eabi/11.3.1/thumb/v7e-m+fp/hard\libgcc.a(_udivmoddi4.o)
 .ARM.attributes
                0x0000000000000415       0x1e D:/ST/STM32CubeIDE_1.13.0/STM32CubeIDE/plugins/com.st.stm32cube.ide.mcu.externaltools.gnu-tools-for-stm32.11.3.rel1.win32_1.1.0.202305231506/tools/bin/../lib/gcc/arm-none-eabi/11.3.1/thumb/v7e-m+fp/hard\libgcc.a(_dvmd_tls.o)
 .ARM.attributes
                0x0000000000000433       0x1e D:/ST/STM32CubeIDE_1.13.0/STM32CubeIDE/plugins/com.st.stm32cube.ide.mcu.externaltools.gnu-tools-for-stm32.11.3.rel1.win32_1.1.0.202305231506/tools/bin/../lib/gcc/arm-none-eabi/11.3.1/thumb/v7e-m+fp/hard/crtn.o
OUTPUT(F411-ST7789Vi.elf elf32-littlearm)
LOAD linker stubs
LOAD D:/ST/STM32CubeIDE_1.13.0/STM32CubeIDE/plugins/com.st.stm32cube.ide.mcu.externaltools.gnu-tools-for-stm32.11.3.rel1.win32_1.1.0.202305231506/tools/bin/../lib/gcc/arm-none-eabi/11.3.1/../../../../arm-none-eabi/lib/thumb/v7e-m+fp/hard\libc.a
LOAD D:/ST/STM32CubeIDE_1.13.0/STM32CubeIDE/plugins/com.st.stm32cube.ide.mcu.externaltools.gnu-tools-for-stm32.11.3.rel1.win32_1.1.0.202305231506/tools/bin/../lib/gcc/arm-none-eabi/11.3.1/../../../../arm-none-eabi/lib/thumb/v7e-m+fp/hard\libm.a
LOAD D:/ST/STM32CubeIDE_1.13.0/STM32CubeIDE/plugins/com.st.stm32cube.ide.mcu.externaltools.gnu-tools-for-stm32.11.3.rel1.win32_1.1.0.202305231506/tools/bin/../lib/gcc/arm-none-eabi/11.3.1/thumb/v7e-m+fp/hard\libgcc.a

.comment        0x0000000000000000       0x43
 .comment       0x0000000000000000       0x43 D:/ST/STM32CubeIDE_1.13.0/STM32CubeIDE/plugins/com.st.stm32cube.ide.mcu.externaltools.gnu-tools-for-stm32.11.3.rel1.win32_1.1.0.202305231506/tools/bin/../lib/gcc/arm-none-eabi/11.3.1/thumb/v7e-m+fp/hard/crtbegin.o
                                         0x44 (size before relaxing)
 .comment       0x0000000000000043       0x44 ./Core/Src/fonts.o
 .comment       0x0000000000000043       0x44 ./Core/Src/main.o
 .comment       0x0000000000000043       0x44 ./Core/Src/st7789.o
 .comment       0x0000000000000043       0x44 ./Core/Src/stm32f4xx_hal_msp.o
 .comment       0x0000000000000043       0x44 ./Core/Src/stm32f4xx_it.o
 .comment       0x0000000000000043       0x44 ./Core/Src/system_stm32f4xx.o
 .comment       0x0000000000000043       0x44 ./Drivers/STM32F4xx_HAL_Driver/Src/stm32f4xx_hal.o
 .comment       0x0000000000000043       0x44 ./Drivers/STM32F4xx_HAL_Driver/Src/stm32f4xx_hal_cortex.o
 .comment       0x0000000000000043       0x44 ./Drivers/STM32F4xx_HAL_Driver/Src/stm32f4xx_hal_dma.o
 .comment       0x0000000000000043       0x44 ./Drivers/STM32F4xx_HAL_Driver/Src/stm32f4xx_hal_gpio.o
 .comment       0x0000000000000043       0x44 ./Drivers/STM32F4xx_HAL_Driver/Src/stm32f4xx_hal_rcc.o
 .comment       0x0000000000000043       0x44 ./Drivers/STM32F4xx_HAL_Driver/Src/stm32f4xx_hal_spi.o

.debug_info     0x0000000000000000     0x8b58
 .debug_info    0x0000000000000000      0x2b3 ./Core/Src/fonts.o
 .debug_info    0x00000000000002b3     0x18e0 ./Core/Src/main.o
 .debug_info    0x0000000000001b93     0x18a4 ./Core/Src/st7789.o
 .debug_info    0x0000000000003437      0x9b0 ./Core/Src/stm32f4xx_hal_msp.o
 .debug_info    0x0000000000003de7      0x3bf ./Core/Src/stm32f4xx_it.o
 .debug_info    0x00000000000041a6      0x53e ./Core/Src/system_stm32f4xx.o
 .debug_info    0x00000000000046e4       0x23 ./Core/Startup/startup_stm32f411vetx.o
 .debug_info    0x0000000000004707      0x8c4 ./Drivers/STM32F4xx_HAL_Driver/Src/stm32f4xx_hal.o
 .debug_info    0x0000000000004fcb      0xcb6 ./Drivers/STM32F4xx_HAL_Driver/Src/stm32f4xx_hal_cortex.o
 .debug_info    0x0000000000005c81      0x8e6 ./Drivers/STM32F4xx_HAL_Driver/Src/stm32f4xx_hal_dma.o
 .debug_info    0x0000000000006567      0x6f9 ./Drivers/STM32F4xx_HAL_Driver/Src/stm32f4xx_hal_gpio.o
 .debug_info    0x0000000000006c60      0x8f2 ./Drivers/STM32F4xx_HAL_Driver/Src/stm32f4xx_hal_rcc.o
 .debug_info    0x0000000000007552     0x1606 ./Drivers/STM32F4xx_HAL_Driver/Src/stm32f4xx_hal_spi.o

.debug_abbrev   0x0000000000000000     0x1a6a
 .debug_abbrev  0x0000000000000000       0xe3 ./Core/Src/fonts.o
 .debug_abbrev  0x00000000000000e3      0x380 ./Core/Src/main.o
 .debug_abbrev  0x0000000000000463      0x324 ./Core/Src/st7789.o
 .debug_abbrev  0x0000000000000787      0x1e4 ./Core/Src/stm32f4xx_hal_msp.o
 .debug_abbrev  0x000000000000096b      0x138 ./Core/Src/stm32f4xx_it.o
 .debug_abbrev  0x0000000000000aa3      0x11a ./Core/Src/system_stm32f4xx.o
 .debug_abbrev  0x0000000000000bbd       0x12 ./Core/Startup/startup_stm32f411vetx.o
 .debug_abbrev  0x0000000000000bcf      0x24b ./Drivers/STM32F4xx_HAL_Driver/Src/stm32f4xx_hal.o
 .debug_abbrev  0x0000000000000e1a      0x327 ./Drivers/STM32F4xx_HAL_Driver/Src/stm32f4xx_hal_cortex.o
 .debug_abbrev  0x0000000000001141      0x221 ./Drivers/STM32F4xx_HAL_Driver/Src/stm32f4xx_hal_dma.o
 .debug_abbrev  0x0000000000001362      0x1d3 ./Drivers/STM32F4xx_HAL_Driver/Src/stm32f4xx_hal_gpio.o
 .debug_abbrev  0x0000000000001535      0x2b5 ./Drivers/STM32F4xx_HAL_Driver/Src/stm32f4xx_hal_rcc.o
 .debug_abbrev  0x00000000000017ea      0x280 ./Drivers/STM32F4xx_HAL_Driver/Src/stm32f4xx_hal_spi.o

.debug_aranges  0x0000000000000000      0x800
 .debug_aranges
                0x0000000000000000       0x18 ./Core/Src/fonts.o
 .debug_aranges
                0x0000000000000018       0xb0 ./Core/Src/main.o
 .debug_aranges
                0x00000000000000c8      0x108 ./Core/Src/st7789.o
 .debug_aranges
                0x00000000000001d0       0x30 ./Core/Src/stm32f4xx_hal_msp.o
 .debug_aranges
                0x0000000000000200       0x68 ./Core/Src/stm32f4xx_it.o
 .debug_aranges
                0x0000000000000268       0x28 ./Core/Src/system_stm32f4xx.o
 .debug_aranges
                0x0000000000000290       0x28 ./Core/Startup/startup_stm32f411vetx.o
 .debug_aranges
                0x00000000000002b8       0xf0 ./Drivers/STM32F4xx_HAL_Driver/Src/stm32f4xx_hal.o
 .debug_aranges
                0x00000000000003a8      0x118 ./Drivers/STM32F4xx_HAL_Driver/Src/stm32f4xx_hal_cortex.o
 .debug_aranges
                0x00000000000004c0       0x90 ./Drivers/STM32F4xx_HAL_Driver/Src/stm32f4xx_hal_dma.o
 .debug_aranges
                0x0000000000000550       0x58 ./Drivers/STM32F4xx_HAL_Driver/Src/stm32f4xx_hal_gpio.o
 .debug_aranges
                0x00000000000005a8       0x88 ./Drivers/STM32F4xx_HAL_Driver/Src/stm32f4xx_hal_rcc.o
 .debug_aranges
                0x0000000000000630      0x1d0 ./Drivers/STM32F4xx_HAL_Driver/Src/stm32f4xx_hal_spi.o

.debug_macro    0x0000000000000000    0x15dff
 .debug_macro   0x0000000000000000       0x6d ./Core/Src/fonts.o
 .debug_macro   0x000000000000006d      0xaa8 ./Core/Src/fonts.o
 .debug_macro   0x0000000000000b15       0x22 ./Core/Src/fonts.o
 .debug_macro   0x0000000000000b37       0x8e ./Core/Src/fonts.o
 .debug_macro   0x0000000000000bc5       0x51 ./Core/Src/fonts.o
 .debug_macro   0x0000000000000c16      0x103 ./Core/Src/fonts.o
 .debug_macro   0x0000000000000d19       0x6a ./Core/Src/fonts.o
 .debug_macro   0x0000000000000d83      0x1df ./Core/Src/fonts.o
 .debug_macro   0x0000000000000f62      0x33f ./Core/Src/main.o
 .debug_macro   0x00000000000012a1      0x295 ./Core/Src/main.o
 .debug_macro   0x0000000000001536       0x2e ./Core/Src/main.o
 .debug_macro   0x0000000000001564       0x28 ./Core/Src/main.o
 .debug_macro   0x000000000000158c       0x1c ./Core/Src/main.o
 .debug_macro   0x00000000000015a8       0x22 ./Core/Src/main.o
 .debug_macro   0x00000000000015ca       0xd9 ./Core/Src/main.o
 .debug_macro   0x00000000000016a3     0x102d ./Core/Src/main.o
 .debug_macro   0x00000000000026d0      0x11f ./Core/Src/main.o
 .debug_macro   0x00000000000027ef     0xb953 ./Core/Src/main.o
 .debug_macro   0x000000000000e142       0x6d ./Core/Src/main.o
 .debug_macro   0x000000000000e1af     0x367e ./Core/Src/main.o
 .debug_macro   0x000000000001182d      0x174 ./Core/Src/main.o
 .debug_macro   0x00000000000119a1       0x5c ./Core/Src/main.o
 .debug_macro   0x00000000000119fd      0x447 ./Core/Src/main.o
 .debug_macro   0x0000000000011e44      0x9fe ./Core/Src/main.o
 .debug_macro   0x0000000000012842      0x115 ./Core/Src/main.o
 .debug_macro   0x0000000000012957      0x11b ./Core/Src/main.o
 .debug_macro   0x0000000000012a72       0xa5 ./Core/Src/main.o
 .debug_macro   0x0000000000012b17      0x15f ./Core/Src/main.o
 .debug_macro   0x0000000000012c76      0x287 ./Core/Src/main.o
 .debug_macro   0x0000000000012efd       0x5f ./Core/Src/main.o
 .debug_macro   0x0000000000012f5c      0x236 ./Core/Src/main.o
 .debug_macro   0x0000000000013192      0x132 ./Core/Src/main.o
 .debug_macro   0x00000000000132c4      0x264 ./Core/Src/main.o
 .debug_macro   0x0000000000013528       0x2e ./Core/Src/main.o
 .debug_macro   0x0000000000013556      0x11a ./Core/Src/main.o
 .debug_macro   0x0000000000013670       0x85 ./Core/Src/main.o
 .debug_macro   0x00000000000136f5       0x89 ./Core/Src/main.o
 .debug_macro   0x000000000001377e      0x225 ./Core/Src/main.o
 .debug_macro   0x00000000000139a3      0x126 ./Core/Src/main.o
 .debug_macro   0x0000000000013ac9       0x28 ./Core/Src/main.o
 .debug_macro   0x0000000000013af1       0x2a ./Core/Src/main.o
 .debug_macro   0x0000000000013b1b       0x61 ./Core/Src/main.o
 .debug_macro   0x0000000000013b7c       0x43 ./Core/Src/main.o
 .debug_macro   0x0000000000013bbf       0x34 ./Core/Src/main.o
 .debug_macro   0x0000000000013bf3       0x16 ./Core/Src/main.o
 .debug_macro   0x0000000000013c09       0x35 ./Core/Src/main.o
 .debug_macro   0x0000000000013c3e       0x16 ./Core/Src/main.o
 .debug_macro   0x0000000000013c54       0x43 ./Core/Src/main.o
 .debug_macro   0x0000000000013c97       0x34 ./Core/Src/main.o
 .debug_macro   0x0000000000013ccb       0x10 ./Core/Src/main.o
 .debug_macro   0x0000000000013cdb       0x58 ./Core/Src/main.o
 .debug_macro   0x0000000000013d33       0x8e ./Core/Src/main.o
 .debug_macro   0x0000000000013dc1       0x1c ./Core/Src/main.o
 .debug_macro   0x0000000000013ddd      0x177 ./Core/Src/main.o
 .debug_macro   0x0000000000013f54      0x369 ./Core/Src/main.o
 .debug_macro   0x00000000000142bd       0x16 ./Core/Src/main.o
 .debug_macro   0x00000000000142d3       0x29 ./Core/Src/main.o
 .debug_macro   0x00000000000142fc      0x19b ./Core/Src/main.o
 .debug_macro   0x0000000000014497      0x1ef ./Core/Src/main.o
 .debug_macro   0x0000000000014686       0x1c ./Core/Src/main.o
 .debug_macro   0x00000000000146a2       0x10 ./Core/Src/main.o
 .debug_macro   0x00000000000146b2       0x1c ./Core/Src/main.o
 .debug_macro   0x00000000000146ce       0x16 ./Core/Src/main.o
 .debug_macro   0x00000000000146e4      0x147 ./Core/Src/main.o
 .debug_macro   0x000000000001482b      0x106 ./Core/Src/main.o
 .debug_macro   0x0000000000014931      0x17e ./Core/Src/main.o
 .debug_macro   0x0000000000014aaf      0x2c9 ./Core/Src/st7789.o
 .debug_macro   0x0000000000014d78       0x16 ./Core/Src/st7789.o
 .debug_macro   0x0000000000014d8e       0x20 ./Core/Src/st7789.o
 .debug_macro   0x0000000000014dae      0x1c9 ./Core/Src/stm32f4xx_hal_msp.o
 .debug_macro   0x0000000000014f77      0x1d3 ./Core/Src/stm32f4xx_it.o
 .debug_macro   0x000000000001514a      0x1ba ./Core/Src/system_stm32f4xx.o
 .debug_macro   0x0000000000015304      0x21a ./Drivers/STM32F4xx_HAL_Driver/Src/stm32f4xx_hal.o
 .debug_macro   0x000000000001551e      0x1ba ./Drivers/STM32F4xx_HAL_Driver/Src/stm32f4xx_hal_cortex.o
 .debug_macro   0x00000000000156d8      0x1c0 ./Drivers/STM32F4xx_HAL_Driver/Src/stm32f4xx_hal_dma.o
 .debug_macro   0x0000000000015898      0x1c0 ./Drivers/STM32F4xx_HAL_Driver/Src/stm32f4xx_hal_gpio.o
 .debug_macro   0x0000000000015a58      0x1de ./Drivers/STM32F4xx_HAL_Driver/Src/stm32f4xx_hal_rcc.o
 .debug_macro   0x0000000000015c36      0x1c9 ./Drivers/STM32F4xx_HAL_Driver/Src/stm32f4xx_hal_spi.o

.debug_line     0x0000000000000000     0x98bf
 .debug_line    0x0000000000000000      0x40a ./Core/Src/fonts.o
 .debug_line    0x000000000000040a      0xe81 ./Core/Src/main.o
 .debug_line    0x000000000000128b     0x136f ./Core/Src/st7789.o
 .debug_line    0x00000000000025fa      0x789 ./Core/Src/stm32f4xx_hal_msp.o
 .debug_line    0x0000000000002d83      0x7ef ./Core/Src/stm32f4xx_it.o
 .debug_line    0x0000000000003572      0x796 ./Core/Src/system_stm32f4xx.o
 .debug_line    0x0000000000003d08       0x7a ./Core/Startup/startup_stm32f411vetx.o
 .debug_line    0x0000000000003d82      0x9fc ./Drivers/STM32F4xx_HAL_Driver/Src/stm32f4xx_hal.o
 .debug_line    0x000000000000477e      0xcab ./Drivers/STM32F4xx_HAL_Driver/Src/stm32f4xx_hal_cortex.o
 .debug_line    0x0000000000005429      0xf60 ./Drivers/STM32F4xx_HAL_Driver/Src/stm32f4xx_hal_dma.o
 .debug_line    0x0000000000006389      0xb34 ./Drivers/STM32F4xx_HAL_Driver/Src/stm32f4xx_hal_gpio.o
 .debug_line    0x0000000000006ebd      0xd75 ./Drivers/STM32F4xx_HAL_Driver/Src/stm32f4xx_hal_rcc.o
 .debug_line    0x0000000000007c32     0x1c8d ./Drivers/STM32F4xx_HAL_Driver/Src/stm32f4xx_hal_spi.o

.debug_str      0x0000000000000000    0x86b98
 .debug_str     0x0000000000000000     0x3c2c ./Core/Src/fonts.o
                                       0x3d9d (size before relaxing)
 .debug_str     0x0000000000003c2c    0x8141c ./Core/Src/main.o
                                      0x8531c (size before relaxing)
 .debug_str     0x0000000000085048      0x40e ./Core/Src/st7789.o
                                      0x83a22 (size before relaxing)
 .debug_str     0x0000000000085456       0x7f ./Core/Src/stm32f4xx_hal_msp.o
                                      0x7f7f8 (size before relaxing)
 .debug_str     0x00000000000854d5       0xf4 ./Core/Src/stm32f4xx_it.o
                                      0x7f49a (size before relaxing)
 .debug_str     0x00000000000855c9       0xdb ./Core/Src/system_stm32f4xx.o
                                      0x7f2a3 (size before relaxing)
 .debug_str     0x00000000000856a4       0x34 ./Core/Startup/startup_stm32f411vetx.o
                                         0x70 (size before relaxing)
 .debug_str     0x00000000000856d8      0x603 ./Drivers/STM32F4xx_HAL_Driver/Src/stm32f4xx_hal.o
                                      0x7fccf (size before relaxing)
 .debug_str     0x0000000000085cdb      0x337 ./Drivers/STM32F4xx_HAL_Driver/Src/stm32f4xx_hal_cortex.o
                                      0x7f9f0 (size before relaxing)
 .debug_str     0x0000000000086012      0x2eb ./Drivers/STM32F4xx_HAL_Driver/Src/stm32f4xx_hal_dma.o
                                      0x7f6ab (size before relaxing)
 .debug_str     0x00000000000862fd      0x121 ./Drivers/STM32F4xx_HAL_Driver/Src/stm32f4xx_hal_gpio.o
                                      0x7f41e (size before relaxing)
 .debug_str     0x000000000008641e      0x233 ./Drivers/STM32F4xx_HAL_Driver/Src/stm32f4xx_hal_rcc.o
                                      0x7f6d7 (size before relaxing)
 .debug_str     0x0000000000086651      0x547 ./Drivers/STM32F4xx_HAL_Driver/Src/stm32f4xx_hal_spi.o
                                      0x7fb55 (size before relaxing)

.debug_rnglists
                0x0000000000000000      0x5f8
 .debug_rnglists
                0x0000000000000000       0x89 ./Core/Src/main.o
 .debug_rnglists
                0x0000000000000089       0xd2 ./Core/Src/st7789.o
 .debug_rnglists
                0x000000000000015b       0x20 ./Core/Src/stm32f4xx_hal_msp.o
 .debug_rnglists
                0x000000000000017b       0x49 ./Core/Src/stm32f4xx_it.o
 .debug_rnglists
                0x00000000000001c4       0x1a ./Core/Src/system_stm32f4xx.o
 .debug_rnglists
                0x00000000000001de       0x19 ./Core/Startup/startup_stm32f411vetx.o
 .debug_rnglists
                0x00000000000001f7       0xaf ./Drivers/STM32F4xx_HAL_Driver/Src/stm32f4xx_hal.o
 .debug_rnglists
                0x00000000000002a6       0xce ./Drivers/STM32F4xx_HAL_Driver/Src/stm32f4xx_hal_cortex.o
 .debug_rnglists
                0x0000000000000374       0x70 ./Drivers/STM32F4xx_HAL_Driver/Src/stm32f4xx_hal_dma.o
 .debug_rnglists
                0x00000000000003e4       0x3f ./Drivers/STM32F4xx_HAL_Driver/Src/stm32f4xx_hal_gpio.o
 .debug_rnglists
                0x0000000000000423       0x66 ./Drivers/STM32F4xx_HAL_Driver/Src/stm32f4xx_hal_rcc.o
 .debug_rnglists
                0x0000000000000489      0x16f ./Drivers/STM32F4xx_HAL_Driver/Src/stm32f4xx_hal_spi.o

.debug_frame    0x0000000000000000     0x2168
 .debug_frame   0x0000000000000000      0x2f4 ./Core/Src/main.o
 .debug_frame   0x00000000000002f4      0x4a4 ./Core/Src/st7789.o
 .debug_frame   0x0000000000000798       0x80 ./Core/Src/stm32f4xx_hal_msp.o
 .debug_frame   0x0000000000000818      0x120 ./Core/Src/stm32f4xx_it.o
 .debug_frame   0x0000000000000938       0x58 ./Core/Src/system_stm32f4xx.o
 .debug_frame   0x0000000000000990      0x374 ./Drivers/STM32F4xx_HAL_Driver/Src/stm32f4xx_hal.o
 .debug_frame   0x0000000000000d04      0x498 ./Drivers/STM32F4xx_HAL_Driver/Src/stm32f4xx_hal_cortex.o
 .debug_frame   0x000000000000119c      0x250 ./Drivers/STM32F4xx_HAL_Driver/Src/stm32f4xx_hal_dma.o
 .debug_frame   0x00000000000013ec      0x14c ./Drivers/STM32F4xx_HAL_Driver/Src/stm32f4xx_hal_gpio.o
 .debug_frame   0x0000000000001538      0x1f4 ./Drivers/STM32F4xx_HAL_Driver/Src/stm32f4xx_hal_rcc.o
 .debug_frame   0x000000000000172c      0x824 ./Drivers/STM32F4xx_HAL_Driver/Src/stm32f4xx_hal_spi.o
 .debug_frame   0x0000000000001f50       0x20 D:/ST/STM32CubeIDE_1.13.0/STM32CubeIDE/plugins/com.st.stm32cube.ide.mcu.externaltools.gnu-tools-for-stm32.11.3.rel1.win32_1.1.0.202305231506/tools/bin/../lib/gcc/arm-none-eabi/11.3.1/../../../../arm-none-eabi/lib/thumb/v7e-m+fp/hard\libc_nano.a(libc_a-memset.o)
 .debug_frame   0x0000000000001f70       0x2c D:/ST/STM32CubeIDE_1.13.0/STM32CubeIDE/plugins/com.st.stm32cube.ide.mcu.externaltools.gnu-tools-for-stm32.11.3.rel1.win32_1.1.0.202305231506/tools/bin/../lib/gcc/arm-none-eabi/11.3.1/../../../../arm-none-eabi/lib/thumb/v7e-m+fp/hard\libc_nano.a(libc_a-init.o)
 .debug_frame   0x0000000000001f9c       0xac D:/ST/STM32CubeIDE_1.13.0/STM32CubeIDE/plugins/com.st.stm32cube.ide.mcu.externaltools.gnu-tools-for-stm32.11.3.rel1.win32_1.1.0.202305231506/tools/bin/../lib/gcc/arm-none-eabi/11.3.1/thumb/v7e-m+fp/hard\libgcc.a(_arm_addsubdf3.o)
 .debug_frame   0x0000000000002048       0x50 D:/ST/STM32CubeIDE_1.13.0/STM32CubeIDE/plugins/com.st.stm32cube.ide.mcu.externaltools.gnu-tools-for-stm32.11.3.rel1.win32_1.1.0.202305231506/tools/bin/../lib/gcc/arm-none-eabi/11.3.1/thumb/v7e-m+fp/hard\libgcc.a(_arm_muldivdf3.o)
 .debug_frame   0x0000000000002098       0x24 D:/ST/STM32CubeIDE_1.13.0/STM32CubeIDE/plugins/com.st.stm32cube.ide.mcu.externaltools.gnu-tools-for-stm32.11.3.rel1.win32_1.1.0.202305231506/tools/bin/../lib/gcc/arm-none-eabi/11.3.1/thumb/v7e-m+fp/hard\libgcc.a(_arm_fixunsdfsi.o)
 .debug_frame   0x00000000000020bc       0x4c D:/ST/STM32CubeIDE_1.13.0/STM32CubeIDE/plugins/com.st.stm32cube.ide.mcu.externaltools.gnu-tools-for-stm32.11.3.rel1.win32_1.1.0.202305231506/tools/bin/../lib/gcc/arm-none-eabi/11.3.1/thumb/v7e-m+fp/hard\libgcc.a(_arm_addsubsf3.o)
 .debug_frame   0x0000000000002108       0x2c D:/ST/STM32CubeIDE_1.13.0/STM32CubeIDE/plugins/com.st.stm32cube.ide.mcu.externaltools.gnu-tools-for-stm32.11.3.rel1.win32_1.1.0.202305231506/tools/bin/../lib/gcc/arm-none-eabi/11.3.1/thumb/v7e-m+fp/hard\libgcc.a(_aeabi_uldivmod.o)
 .debug_frame   0x0000000000002134       0x34 D:/ST/STM32CubeIDE_1.13.0/STM32CubeIDE/plugins/com.st.stm32cube.ide.mcu.externaltools.gnu-tools-for-stm32.11.3.rel1.win32_1.1.0.202305231506/tools/bin/../lib/gcc/arm-none-eabi/11.3.1/thumb/v7e-m+fp/hard\libgcc.a(_udivmoddi4.o)

.debug_line_str
                0x0000000000000000       0x64
 .debug_line_str
                0x0000000000000000       0x64 ./Core/Startup/startup_stm32f411vetx.o
                                         0x7c (size before relaxing)
