../Core/Inc/OledData.h:752:6:DrawBox	40	static
../Core/Inc/OledData.h:757:6:DrawText	24	static
../Core/Inc/OledData.h:774:6:DrawIcon	24	static
../Core/Inc/OledData.h:781:4:S1_IntToASCII	104	static
../Core/Inc/OledData.h:836:13:DisplayPressure	64	static
../Core/Inc/OledData.h:883:13:DisplayTemperature	48	static
../Core/Inc/OledData.h:939:13:DisplayBattery	64	static
../Core/Inc/OledData.h:986:13:DisplayOperatingHour	56	static
../Core/Inc/OledData.h:1014:13:DisplayRPM	48	static
../Core/Inc/OledData.h:1034:13:DisplayUVIndex	56	static
../Core/Inc/OledData.h:1079:13:DisplayBackground	40	static
../Core/Inc/OledData.h:1103:6:DisplayTFT	16	static
../Core/Src/main.c:46:10:RGB	16	static
../Core/Src/main.c:123:5:main	24	static
../Core/Src/main.c:195:6:SystemClock_Config	88	static
../Core/Src/main.c:241:13:MX_SPI1_Init	8	static
../Core/Src/main.c:277:13:MX_DMA_Init	16	static
../Core/Src/main.c:295:13:MX_GPIO_Init	48	static
../Core/Src/main.c:339:6:Error_Handler	4	static,ignoring_inline_asm
