../Core/Inc/OledData.h:712:6:DrawBox	40	static
../Core/Inc/OledData.h:717:6:DrawText	24	static
../Core/Inc/OledData.h:734:6:DrawIcon	24	static
../Core/Inc/OledData.h:741:4:S1_IntToASCII	104	static
../Core/Inc/OledData.h:796:13:DisplayPressure	64	static
../Core/Inc/OledData.h:843:13:DisplayTemperature	48	static
../Core/Inc/OledData.h:899:13:DisplayBattery	64	static
../Core/Inc/OledData.h:946:13:DisplayOperatingHour	56	static
../Core/Inc/OledData.h:974:13:DisplayRPM	48	static
../Core/Inc/OledData.h:994:13:DisplayUVIndex	56	static
../Core/Inc/OledData.h:1039:13:DisplayBackground	40	static
../Core/Inc/OledData.h:1063:6:DisplayTFT	16	static
../Core/Src/main.c:46:10:RGB	16	static
../Core/Src/main.c:123:5:main	16	static
../Core/Src/main.c:193:6:SystemClock_Config	88	static
../Core/Src/main.c:239:13:MX_SPI1_Init	8	static
../Core/Src/main.c:275:13:MX_DMA_Init	16	static
../Core/Src/main.c:293:13:MX_GPIO_Init	48	static
../Core/Src/main.c:337:6:Error_Handler	4	static,ignoring_inline_asm
