../Core/Src/st7789.c:7:6:map	24	static
../Core/Src/st7789.c:29:13:ST7789_WriteCommand	16	static,ignoring_inline_asm
../Core/Src/st7789.c:43:13:ST7789_WriteData	24	static,ignoring_inline_asm
../Core/Src/st7789.c:75:13:ST7789_WriteSmallData	16	static,ignoring_inline_asm
../Core/Src/st7789.c:88:6:ST7789_SetRotation	16	static
../Core/Src/st7789.c:114:13:ST7789_SetAddressWindow	40	static,ignoring_inline_asm
../Core/Src/st7789.c:143:6:ST7789_Init	56	static
../Core/Src/st7789.c:209:6:ST7789_Fill_Color	24	static,ignoring_inline_asm
../Core/Src/st7789.c:242:6:ST7789_DrawPixel	24	static,ignoring_inline_asm
../Core/Src/st7789.c:261:6:ST7789_Fill	32	static,ignoring_inline_asm
../Core/Src/st7789.c:282:6:ST7789_DrawPixel_4px	32	static,ignoring_inline_asm
../Core/Src/st7789.c:298:6:ST7789_DrawLine	40	static
../Core/Src/st7789.c:359:6:ST7789_DrawRectangle	32	static,ignoring_inline_asm
../Core/Src/st7789.c:376:6:ST7789_DrawCircle	40	static,ignoring_inline_asm
../Core/Src/st7789.c:420:6:ST7789_DrawImage	24	static,ignoring_inline_asm
../Core/Src/st7789.c:440:6:ST7789_InvertColors	16	static,ignoring_inline_asm
../Core/Src/st7789.c:456:6:ST7789_WriteChar	56	static,ignoring_inline_asm
../Core/Src/st7789.c:487:6:ST7789_WriteString	32	static,ignoring_inline_asm
../Core/Src/st7789.c:518:6:ST7789_DrawFilledRectangle	40	static,ignoring_inline_asm
../Core/Src/st7789.c:552:6:ST7789_DrawTriangle	32	static,ignoring_inline_asm
../Core/Src/st7789.c:568:6:ST7789_DrawFilledTriangle	64	static,ignoring_inline_asm
../Core/Src/st7789.c:637:6:ST7789_DrawFilledCircle	48	static,ignoring_inline_asm
../Core/Src/st7789.c:677:6:ST7789_TearEffect	16	static,ignoring_inline_asm
../Core/Src/st7789.c:690:6:ST7789_Test	16	static
../Core/Src/st7789.c:767:10:rainbow	24	static
../Core/Src/st7789.c:801:6:ILI9341_drawFastHLine	32	static
../Core/Src/st7789.c:806:6:ILI9341_drawFastVLine	32	static
../Core/Src/st7789.c:812:6:fillTriangle	72	static
../Core/Src/st7789.c:891:5:ringMeter	120	static
../Core/Src/st7789.c:960:5:ringMeter1	120	static
